// Jest Snapshot v1, https://goo.gl/fbAQLP

exports[`FeatureList renders FeatureList without crashing 1`] = `
<styled.div>
  <div
    key="First"
  >
    &gt; 
    First
  </div>
  <div
    key="Second"
  >
    &gt; 
    Second
  </div>
</styled.div>
`;

exports[`FeatureList renders StyledFeatures without crashing 1`] = `
.c0 {
  display: -webkit-box;
  display: -webkit-flex;
  display: -ms-flexbox;
  display: flex;
  -webkit-flex-direction: column;
  -ms-flex-direction: column;
  flex-direction: column;
  margin: 16px 0;
}

<div
  className="c0"
/>
`;
