// Jest Snapshot v1, https://goo.gl/fbAQLP

exports[`Main renders ConfirmationPageContainer for /:id 1`] = `
<Connect(lifecycle(branch(ConfirmationPage)))
  id={123}
/>
`;

exports[`Main renders OrderPageContainer for / 1`] = `<Connect(lifecycle(OrderPage)) />`;

exports[`Main renders without crashing 1`] = `
<styled.div>
  <Switch>
    <Route
      path="/:id"
      render={[Function]}
    />
    <Route
      path="/"
      render={[Function]}
    />
  </Switch>
</styled.div>
`;
